// Vitest Snapshot v1, https://vitest.dev/guide/snapshot.html

exports[`<SessionSummaryDisplay /> > renders the summary display with a title 1`] = `
"╭──────────────────────────────────────────────────────────────────────────────────────────────────╮
│                                                                                                  │
│  Agent powering down. Goodbye!                                                                   │
│                                                                                                  │
│  Performance                                                                                     │
│  Wall Time:                  1h 23m 45s                                                          │
│  Agent Active:               50.2s                                                               │
│    » API Time:               50.2s (100.0%)                                                      │
│    » Tool Time:              0s (0.0%)                                                           │
│                                                                                                  │
│                                                                                                  │
│  Model Usage                  Reqs   Input Tokens  Output Tokens                                 │
│  ───────────────────────────────────────────────────────────────                                 │
│  gemini-2.5-pro                 10          1,000          2,000                                 │
│                                                                                                  │
│  Savings Highlight: 500 (50.0%) of input tokens were served from the cache, reducing costs.      │
│                                                                                                  │
│  » Tip: For a full token breakdown, run \`/stats model\`.                                          │
│                                                                                                  │
│  Tokens         Type                Rate           Cost                                          │
│  ──────────────────────────────────────────────────                                              │
│  500            Billed Input        1.25/M         $0.0006                                       │
│  2,000          Output              10.00/M        $0.0200                                       │
│  500            Cached Tokens       0.31/M         $0.0002                                       │
│                                                                                                  │
│  ──────────────────────────────────────────────────                                              │
│                                                                                                  │
│  Total Estimated Cost:              $0.0000                                                      │
│                                                                                                  │
│  Note: The cost breakdown is an estimate based on the final pricing tier of the session and may  │
│   not sum exactly to the total cost if multiple tiers were used.                                 │
│  Cached context storage cost is not included. With 500 cached tokens and an agent active time    │
│  of 50.2s, the estimated maximum storage cost is $0.0000.                                        │
│                                                                                                  │
╰──────────────────────────────────────────────────────────────────────────────────────────────────╯"
`;
